[  3%] Built target glad
[ 40%] Built target glfw
[ 53%] Built target imgui
[ 56%] Built target ImGuizmo
[ 58%] Building CXX object Engine/CMakeFiles/UICheckEngine.dir/Rendering/Mesh/Mesh.cpp.obj
cmake : mingw32-make[2]: *** [Engin
e\CMakeFiles\UICheckEngine.dir\buil
d.make:214: Engine/CMakeFiles/UIChe
ckEngine.dir/Rendering/Mesh/Mesh.cp
p.obj] Error 1
At line:1 char:1
+ cmake --build build --config 
Release 2>&1 | Tee-Object 
-FilePath buil ...
+ ~~~~~~~~~~~~~~~~~~~~~~~~~~~~~~~~~
~~~~~~~~
    + CategoryInfo          : NotS 
   pecified: (mingw32-make[2]...p  
  p.obj] Error 1:String) [], Rem   
 oteException
    + FullyQualifiedErrorId : Nati 
   veCommandError
 
mingw32-make[1]: *** 
[CMakeFiles\Makefile2:377: Engine/C
MakeFiles/UICheckEngine.dir/all] 
Error 2
mingw32-make: *** [Makefile:135: 
all] Error 2
